Removed Pin From Net: NetName=USB_RX_N Pin=D?-1
Removed Pin From Net: NetName=USB_RX_P Pin=D?-2
Removed Pin From Net: NetName=GND Pin=D?-3
Removed Pin From Net: NetName=GND Pin=D?-4
Removed Pin From Net: NetName=+VBUS Pin=D?-5
Removed Pin From Net: NetName=USB_D_P Pin=D?-6
Removed Pin From Net: NetName=USB_D_N Pin=D?-7
Removed Pin From Net: NetName=+VBUS Pin=D?-8
Removed Pin From Net: NetName=+VBUS Pin=D?-9
Removed Pin From Net: NetName=USB_TX_N Pin=D?-10
Removed Pin From Net: NetName=USB_TX_P Pin=D?-11
Removed Pin From Net: NetName=GND Pin=D?-13
Removed Pin From Net: NetName=GND Pin=D?-15
Removed Pin From Net: NetName=GND Pin=D?-17
Removed Member From Class: ClassName=Ethernet_Adapter Member=D?
Added Component: Designator=D1(ESD7008MUTAG)
Add component (AddParameter): Name = "Datasheet Link"; Value = "http://www.onsemi.com/pub/Collateral/ESD7008-D.PDF"; VariantName = "[No Variations]"
Add component (AddParameter): Name = "Geometry.Height"; Value = "0.55mm"; VariantName = "[No Variations]"
Add component (AddParameter): Name = "Manufacturer_Name"; Value = "onsemi"; VariantName = "[No Variations]"
Add component (AddParameter): Name = "Manufacturer_Part_Number"; Value = "ESD7008MUTAG"; VariantName = "[No Variations]"
Add component (AddParameter): Name = "Mouser Part Number"; Value = "863-ESD7008MUTAG"; VariantName = "[No Variations]"
Add component (AddParameter): Name = "Mouser Price/Stock"; Value = "https://www.mouser.co.uk/ProductDetail/onsemi/ESD7008MUTAG?qs=Gud3nhECO%2Fs1qvAxYTTX5w%3D%3D"; VariantName = "[No Variations]"
Added Pin To Net: NetName=USB_RX_N Pin=D1-1
Added Pin To Net: NetName=USB_RX_P Pin=D1-2
Added Pin To Net: NetName=GND Pin=D1-3
Added Pin To Net: NetName=GND Pin=D1-4
Added Pin To Net: NetName=+VBUS Pin=D1-5
Added Pin To Net: NetName=USB_D_P Pin=D1-6
Added Pin To Net: NetName=USB_D_N Pin=D1-7
Added Pin To Net: NetName=+VBUS Pin=D1-8
Added Pin To Net: NetName=+VBUS Pin=D1-9
Added Pin To Net: NetName=USB_TX_N Pin=D1-10
Added Pin To Net: NetName=USB_TX_P Pin=D1-11
Added Pin To Net: NetName=GND Pin=D1-13
Added Pin To Net: NetName=GND Pin=D1-15
Added Pin To Net: NetName=GND Pin=D1-17
Added Member To Class: ClassName=Ethernet_Adapter Member=Component D1 ESD7008MUTAG
